test/cli/same-loc/same-loc.rb:3: Unable to resolve constant `Foo` https://srb.help/5002
     3 |class MyClass < Foo::Bar
                        ^^^

test/cli/same-loc/same-loc.rb:3: Unable to resolve constant `Foo` https://srb.help/5002
     3 |class MyClass < Foo::Bar
                        ^^^

test/cli/same-loc/same-loc.rb:4: Unable to resolve constant `ODM` https://srb.help/5002
     4 |  const :foo, T::Array[Foo::Baz]
          ^^^^^^^^^^^^^^^^^^^^^^^^^^^^^^

test/cli/same-loc/same-loc.rb:4: Unable to resolve constant `ODM` https://srb.help/5002
     4 |  const :foo, T::Array[Foo::Baz]
          ^^^^^^^^^^^^^^^^^^^^^^^^^^^^^^

test/cli/same-loc/same-loc.rb:4: Unable to resolve constant `Foo` https://srb.help/5002
     4 |  const :foo, T::Array[Foo::Baz]
                               ^^^

test/cli/same-loc/same-loc.rb:4: Unable to resolve constant `Foo` https://srb.help/5002
     4 |  const :foo, T::Array[Foo::Baz]
                               ^^^

test/cli/same-loc/same-loc.rb:4: Unable to resolve constant `Foo` https://srb.help/5002
     4 |  const :foo, T::Array[Foo::Baz]
                               ^^^

test/cli/same-loc/same-loc.rb:4: Unable to resolve constant `Foo` https://srb.help/5002
     4 |  const :foo, T::Array[Foo::Baz]
                               ^^^

test/cli/same-loc/same-loc.rb:4: Unable to resolve constant `Foo` https://srb.help/5002
     4 |  const :foo, T::Array[Foo::Baz]
                               ^^^

test/cli/same-loc/same-loc.rb:4: Unable to resolve constant `Foo` https://srb.help/5002
     4 |  const :foo, T::Array[Foo::Baz]
                               ^^^

test/cli/same-loc/same-loc.rb:4: Unable to resolve constant `Foo` https://srb.help/5002
     4 |  const :foo, T::Array[Foo::Baz]
                               ^^^

test/cli/same-loc/same-loc.rb:4: Too many arguments provided for method `T::Array.[]`. Expected: `0`, got: `1` https://srb.help/7004
     4 |  const :foo, T::Array[Foo::Baz]
                      ^^^^^^^^^^^^^^^^^^
    ???: `[]` defined here

test/cli/same-loc/same-loc.rb:4: Method `[]` does not exist on `T.class_of(Sorbet::Private::Static::StubModule)` https://srb.help/7003
     4 |  const :foo, T::Array[Foo::Baz]
          ^^^^^^^^^^^^^^^^^^^^^^^^^^^^^^

test/cli/same-loc/same-loc.rb:4: Too many arguments provided for method `T::Array.[]`. Expected: `0`, got: `1` https://srb.help/7004
     4 |  const :foo, T::Array[Foo::Baz]
                      ^^^^^^^^^^^^^^^^^^
    ???: `[]` defined here

test/cli/same-loc/same-loc.rb:4: Too many arguments provided for method `T::Array.[]`. Expected: `0`, got: `1` https://srb.help/7004
     4 |  const :foo, T::Array[Foo::Baz]
                      ^^^^^^^^^^^^^^^^^^
    ???: `[]` defined here

test/cli/same-loc/same-loc.rb:4: Method `[]` does not exist on `T.class_of(Sorbet::Private::Static::StubModule)` https://srb.help/7003
     4 |  const :foo, T::Array[Foo::Baz]
          ^^^^^^^^^^^^^^^^^^^^^^^^^^^^^^

test/cli/same-loc/same-loc.rb:4: Too many arguments provided for method `T::Array.[]`. Expected: `0`, got: `1` https://srb.help/7004
     4 |  const :foo, T::Array[Foo::Baz]
                      ^^^^^^^^^^^^^^^^^^
    ???: `[]` defined here

test/cli/same-loc/same-loc.rb:4: Too many arguments provided for method `T::Array.[]`. Expected: `0`, got: `1` https://srb.help/7004
     4 |  const :foo, T::Array[Foo::Baz]
                      ^^^^^^^^^^^^^^^^^^
    ???: `[]` defined here

test/cli/same-loc/same-loc.rb: Method `keep_for_ide` does not exist on `T.class_of(Sorbet::Private::Static)` https://srb.help/7003

test/cli/same-loc/same-loc.rb: Method `keep_for_ide` does not exist on `T.class_of(Sorbet::Private::Static)` https://srb.help/7003

test/cli/same-loc/same-loc.rb:4: Too many arguments provided for method `T::Array.[]`. Expected: `0`, got: `1` https://srb.help/7004
     4 |  const :foo, T::Array[Foo::Baz]
                      ^^^^^^^^^^^^^^^^^^
    ???: `[]` defined here

test/cli/same-loc/same-loc.rb: Method `keep_for_typechecking` does not exist on `T.class_of(Sorbet::Private::Static)` https://srb.help/7003

test/cli/same-loc/same-loc.rb:4: Method `unsafe` does not exist on `T.class_of(T)` https://srb.help/7003
     4 |  const :foo, T::Array[Foo::Baz]
          ^^^^^^^^^^^^^^^^^^^^^^^^^^^^^^

test/cli/same-loc/same-loc.rb: Method `keep_for_ide` does not exist on `T.class_of(Sorbet::Private::Static)` https://srb.help/7003

test/cli/same-loc/same-loc.rb:4: Method `sig` does not exist on `T.class_of(T::Sig::WithoutRuntime)` https://srb.help/7003
     4 |  const :foo, T::Array[Foo::Baz]
          ^^^^^^^^^^^^^^^^^^^^^^^^^^^^^^

test/cli/same-loc/same-loc.rb:4: Method `params` does not exist on `T.class_of(MyClass)` https://srb.help/7003
     4 |  const :foo, T::Array[Foo::Baz]
          ^^^^^^^^^^^^^^^^^^^^^^^^^^^^^^

test/cli/same-loc/same-loc.rb:4: Too many arguments provided for method `T::Array.[]`. Expected: `0`, got: `1` https://srb.help/7004
     4 |  const :foo, T::Array[Foo::Baz]
                      ^^^^^^^^^^^^^^^^^^
    ???: `[]` defined here

test/cli/same-loc/same-loc.rb:4: Too many arguments provided for method `T::Array.[]`. Expected: `0`, got: `1` https://srb.help/7004
     4 |  const :foo, T::Array[Foo::Baz]
                      ^^^^^^^^^^^^^^^^^^
    ???: `[]` defined here

test/cli/same-loc/same-loc.rb: Method `keep_for_typechecking` does not exist on `T.class_of(Sorbet::Private::Static)` https://srb.help/7003

test/cli/same-loc/same-loc.rb:4: Method `unsafe` does not exist on `T.class_of(T)` https://srb.help/7003
     4 |  const :foo, T::Array[Foo::Baz]
          ^^^^^^^^^^^^^^^^^^^^^^^^^^^^^^

test/cli/same-loc/same-loc.rb: Method `keep_for_typechecking` does not exist on `T.class_of(Sorbet::Private::Static)` https://srb.help/7003

test/cli/same-loc/same-loc.rb:4: Method `unsafe` does not exist on `T.class_of(T)` https://srb.help/7003
     4 |  const :foo, T::Array[Foo::Baz]
          ^^^^^^^^^^^^^^^^^^^^^^^^^^^^^^

test/cli/same-loc/same-loc.rb:4: Method `sig` does not exist on `T.class_of(T::Sig::WithoutRuntime)` https://srb.help/7003
     4 |  const :foo, T::Array[Foo::Baz]
          ^^^^^^^^^^^^^^^^^^^^^^^^^^^^^^

test/cli/same-loc/same-loc.rb:4: Too many arguments provided for method `T::Array.[]`. Expected: `0`, got: `1` https://srb.help/7004
     4 |  const :foo, T::Array[Foo::Baz]
                      ^^^^^^^^^^^^^^^^^^
    ???: `[]` defined here

test/cli/same-loc/same-loc.rb:4: Method `params` does not exist on `T.class_of(MyClass::Mutator)` https://srb.help/7003
     4 |  const :foo, T::Array[Foo::Baz]
          ^^^^^^^^^^^^^^^^^^^^^^^^^^^^^^

test/cli/same-loc/same-loc.rb:4: Too many arguments provided for method `T::Array.[]`. Expected: `0`, got: `1` https://srb.help/7004
     4 |  const :foo, T::Array[Foo::Baz]
                      ^^^^^^^^^^^^^^^^^^
    ???: `[]` defined here

test/cli/same-loc/same-loc.rb:4: Method `sig` does not exist on `T.class_of(T::Sig::WithoutRuntime)` https://srb.help/7003
     4 |  const :foo, T::Array[Foo::Baz]
          ^^^^^^^^^^^^^^^^^^^^^^^^^^^^^^

test/cli/same-loc/same-loc.rb:4: Method `returns` does not exist on `T.class_of(MyClass::Mutator)` https://srb.help/7003
     4 |  const :foo, T::Array[Foo::Baz]
          ^^^^^^^^^^^^^^^^^^^^^^^^^^^^^^
Errors: 38
